Microchip MPLAB XC8 Compiler V1.45 ()

Linker command line:

-W-3 --edf=C:\Program Files (x86)\Microchip\xc8\v1.45\dat\en_msgs.txt -cs \
  -h+dist/default/production\nJavOS.X.production.sym \
  --cmf=dist/default/production\nJavOS.X.production.cmf -z -Q18F4520 \
  -oC:\Users\ander\AppData\Local\Temp\sa5o.2 \
  -Mdist/default/production/nJavOS.X.production.map -E1 -ver=XC8 \
  -ASTACK=053Ah-05ffh -pstack=STACK -ACODE=00h-07FFFh -ACONST=00h-07FFFh \
  -ASMALLCONST=0600h-06FFhx122 -AMEDIUMCONST=0600h-07FFFh -ACOMRAM=01h-07Fh \
  -AABS1=00h-05FFh -ABIGRAM=01h-05FFh -ARAM=080h-0FFh,0100h-01FFhx5 \
  -ABANK0=080h-0FFh -ABANK1=0100h-01FFh -ABANK2=0200h-02FFh \
  -ABANK3=0300h-03FFh -ABANK4=0400h-04FFh -ABANK5=0500h-05FFh \
  -ASFR=0F80h-0FFFh -preset_vec=00h,intcode=08h,intcodelo,powerup,init \
  -pramtop=0600h -psmallconst=SMALLCONST -pmediumconst=MEDIUMCONST \
  -pconst=CONST -AFARRAM=00h-00h -ACONFIG=0300000h-030000Dh -pconfig=CONFIG \
  -AIDLOC=0200000h-0200007h -pidloc=IDLOC -AEEDATA=0F00000h-0F000FFh \
  -peeprom_data=EEDATA \
  -prdata=COMRAM,nvrram=COMRAM,nvbit=COMRAM,rbss=COMRAM,rbit=COMRAM \
  -pfarbss=FARRAM,fardata=FARRAM,nvFARRAM=FARRAM \
  -pintsave_regs=BIGRAM,bigbss=BIGRAM,bigdata=BIGRAM -pbss=RAM \
  -pidata=CODE,irdata=CODE,ibigdata=CODE,ifardata=CODE -prparam=COMRAM \
  C:\Users\ander\AppData\Local\Temp\sa5o.obj \
  dist/default/production\nJavOS.X.production.obj 

Object code version is 3.11

Machine type is 18F4520

Call graph: (short form)




                Name                               Link     Load   Length Selector   Space Scale
C:\Users\ander\AppData\Local\Temp\sa5o.obj
                init                                  E        E        4        4       0
                reset_vec                             0        0        4        0       0
                idloc                            200000   200000        8   200000       0
                config                           300000   300000        E   300000       0
dist/default/production\nJavOS.X.production.obj
                intcode                               8        8        6        4       0
                temp                                 54       54        1        1       1
                text10                              75A      75A       42        4       0
                text9                               82A      82A       26        4       0
                text8                               662      662       9C        4       0
                text7                                12       12      3C2        4       0
                intcode_body                        5AE      5AE       B4        4       0
                text5                               850      850       18        4       0
                text4                               802      802       28        4       0
                text3                               4D0      4D0       DE        4       0
                text2                               3D4      3D4       FC        4       0
                text1                               79C      79C       3C        4       0
                text0                               6FE      6FE       5C        4       0
                cstackCOMRAM                          1        1       2B        1       1
                cstackBANK0                          80       80        C       80       1
                bssBIGRAM                            8C       8C      4AE       8C       1
                bssCOMRAM                            2C       2C       28        1       1
                cinit                               7D8      7D8       2A        4       0

TOTAL           Name                               Link     Load   Length     Space
        CLASS   STACK          

        CLASS   CODE           
                intcode                               8        8        6         0
                init                                  E        E        4         0
                reset_vec                             0        0        4         0
                text10                              75A      75A       42         0
                text9                               82A      82A       26         0
                text8                               662      662       9C         0
                text7                                12       12      3C2         0
                intcode_body                        5AE      5AE       B4         0
                text5                               850      850       18         0
                text4                               802      802       28         0
                text3                               4D0      4D0       DE         0
                text2                               3D4      3D4       FC         0
                text1                               79C      79C       3C         0
                text0                               6FE      6FE       5C         0
                cinit                               7D8      7D8       2A         0

        CLASS   CONST          

        CLASS   SMALLCONST     

        CLASS   MEDIUMCONST    

        CLASS   COMRAM         
                temp                                 54       54        1         1
                cstackCOMRAM                          1        1       2B         1
                bssCOMRAM                            2C       2C       28         1

        CLASS   ABS1           

        CLASS   BIGRAM         
                bssBIGRAM                            8C       8C      4AE         1

        CLASS   RAM            

        CLASS   BANK0          
                cstackBANK0                          80       80        C         1

        CLASS   BANK1          

        CLASS   BANK2          

        CLASS   BANK3          

        CLASS   BANK4          

        CLASS   BANK5          

        CLASS   SFR            

        CLASS   FARRAM         

        CLASS   CONFIG         
                config                           300000   300000        E         0

        CLASS   IDLOC          
                idloc                            200000   200000        8         0

        CLASS   EEDATA         



SEGMENTS        Name                           Load    Length   Top    Selector   Space  Class

                reset_vec                      000000  000004  000004         0       0  CODE    
                cstackCOMRAM                   000001  000054  000055         1       1  COMRAM  
                intcode                        000008  000860  000868         4       0  CODE    
                cstackBANK0                    000080  00000C  00008C        80       1  BANK0   
                bssBIGRAM                      00008C  0004AE  00053A        8C       1  BIGRAM  
                idloc                          200000  000008  200008    200000       0  IDLOC   
                config                         300000  00000E  30000E    300000       0  CONFIG  


UNUSED ADDRESS RANGES

        Name                Unused          Largest block    Delta
        BANK5            00053A-0005FF               C6
        BIGRAM           000055-00007F               2B
                         00053A-0005FF               C6
        CODE             000004-000007                4
                         000868-007FFF             7798
        COMRAM           000055-00007F               2B
        CONST            000004-000007                4
                         000868-007FFF             7798
        EEDATA           F00000-F000FF              100
        MEDIUMCONST      000868-007FFF             7798
        RAM              00053A-0005FF               C6
        SFR              000F80-000FFF               80
        SMALLCONST       000868-007FFF              100
        STACK            00053A-0005FF               C6

                                  Symbol Table

?___lwmod                          cstackCOMRAM 000001
?___wmul                           cstackBANK0  000080
?_rr_scheduler                     cstackCOMRAM 000007
?i2___wmul                         cstackCOMRAM 000001
_BSR                               (abs)        000FE0
_Delay_Queue                       bssCOMRAM    00002C
_INTCONbits                        (abs)        000FF2
_Ready_Queue                       bssBIGRAM    00008C
_STKPTR                            (abs)        000FFC
_T0CONbits                         (abs)        000FD5
_TMR0L                             (abs)        000FD6
_TOSH                              (abs)        000FFE
_TOSL                              (abs)        000FFD
_TOSU                              (abs)        000FFF
_WREG                              (abs)        000FE8
__HRAM                             (abs)        000000
__Habs1                            abs1         000000
__Hbank0                           bank0        000000
__Hbank1                           bank1        000000
__Hbank2                           bank2        000000
__Hbank3                           bank3        000000
__Hbank4                           bank4        000000
__Hbank5                           bank5        000000
__Hbigbss                          bigbss       000000
__Hbigdata                         bigdata      000000
__Hbigram                          bigram       000000
__Hbss                             bss          000000
__HbssBIGRAM                       bssBIGRAM    000000
__HbssCOMRAM                       bssCOMRAM    000000
__Hcinit                           cinit        000000
__Hclrtext                         clrtext      000000
__Hcomram                          comram       000000
__Hconfig                          config       30000E
__Hconst                           const        000000
__HcstackBANK0                     cstackBANK0  000000
__HcstackCOMRAM                    cstackCOMRAM 000000
__Hdata                            data         000000
__Heeprom_data                     eeprom_data  000000
__Hfarbss                          farbss       000000
__Hfardata                         fardata      000000
__Hibigdata                        ibigdata     000000
__Hidata                           idata        000000
__Hidloc                           idloc        200008
__Hifardata                        ifardata     000000
__Hinit                            init         000012
__Hintcode                         intcode      00000E
__Hintcode_body                    intcode_body 000000
__Hintcodelo                       intcodelo    00000E
__Hintentry                        intentry     000000
__Hintret                          intret       000000
__Hintsave_regs                    intsave_regs 000000
__Hirdata                          irdata       000000
__Hmediumconst                     mediumconst  000000
__HnvFARRAM                        nvFARRAM     000000
__Hnvbit                           nvbit        000000
__Hnvrram                          nvrram       000000
__Hparam                           rparam       000000
__Hpowerup                         powerup      00000E
__Hram                             ram          000000
__Hramtop                          ramtop       000600
__Hrbit                            rbit         000000
__Hrbss                            rbss         000000
__Hrdata                           rdata        000000
__Hreset_vec                       reset_vec    000004
__Hrparam                          rparam       000000
__Hsfr                             sfr          000000
__Hsmallconst                      smallconst   000000
__Hspace_0                         (abs)        30000E
__Hspace_1                         (abs)        00053A
__Hspace_2                         (abs)        000000
__Hstack                           stack        000000
__Hstruct                          struct       000000
__Htemp                            temp         000055
__Htext                            text         000000
__Htext0                           text0        000000
__Htext1                           text1        000000
__Htext10                          text10       000000
__Htext2                           text2        000000
__Htext3                           text3        000000
__Htext4                           text4        000000
__Htext5                           text5        000000
__Htext7                           text7        000000
__Htext8                           text8        000000
__Htext9                           text9        000000
__LRAM                             (abs)        000001
__Labs1                            abs1         000000
__Lbank0                           bank0        000000
__Lbank1                           bank1        000000
__Lbank2                           bank2        000000
__Lbank3                           bank3        000000
__Lbank4                           bank4        000000
__Lbank5                           bank5        000000
__Lbigbss                          bigbss       000000
__Lbigdata                         bigdata      000000
__Lbigram                          bigram       000000
__Lbss                             bss          000000
__LbssBIGRAM                       bssBIGRAM    000000
__LbssCOMRAM                       bssCOMRAM    000000
__Lcinit                           cinit        000000
__Lclrtext                         clrtext      000000
__Lcomram                          comram       000000
__Lconfig                          config       300000
__Lconst                           const        000000
__LcstackBANK0                     cstackBANK0  000000
__LcstackCOMRAM                    cstackCOMRAM 000000
__Ldata                            data         000000
__Leeprom_data                     eeprom_data  000000
__Lfarbss                          farbss       000000
__Lfardata                         fardata      000000
__Libigdata                        ibigdata     000000
__Lidata                           idata        000000
__Lidloc                           idloc        200000
__Lifardata                        ifardata     000000
__Linit                            init         00000E
__Lintcode                         intcode      000008
__Lintcode_body                    intcode_body 000000
__Lintcodelo                       intcodelo    00000E
__Lintentry                        intentry     000000
__Lintret                          intret       000000
__Lintsave_regs                    intsave_regs 000000
__Lirdata                          irdata       000000
__Lmediumconst                     mediumconst  000000
__LnvFARRAM                        nvFARRAM     000000
__Lnvbit                           nvbit        000000
__Lnvrram                          nvrram       000000
__Lparam                           rparam       000000
__Lpowerup                         powerup      00000E
__Lram                             ram          000000
__Lramtop                          ramtop       000600
__Lrbit                            rbit         000000
__Lrbss                            rbss         000000
__Lrdata                           rdata        000000
__Lreset_vec                       reset_vec    000000
__Lrparam                          rparam       000000
__Lsfr                             sfr          000000
__Lsmallconst                      smallconst   000000
__Lspace_0                         (abs)        000000
__Lspace_1                         (abs)        000000
__Lspace_2                         (abs)        000000
__Lstack                           stack        000000
__Lstruct                          struct       000000
__Ltemp                            temp         000054
__Ltext                            text         000000
__Ltext0                           text0        000000
__Ltext1                           text1        000000
__Ltext10                          text10       000000
__Ltext2                           text2        000000
__Ltext3                           text3        000000
__Ltext4                           text4        000000
__Ltext5                           text5        000000
__Ltext7                           text7        000000
__Ltext8                           text8        000000
__Ltext9                           text9        000000
__S0                               (abs)        30000E
__S1                               (abs)        00053A
__S2                               (abs)        000000
___inthi_sp                        stack        000000
___intlo_sp                        stack        000000
___lwmod                           text10       00075A
___lwmod@counter                   cstackCOMRAM 000005
___lwmod@dividend                  cstackCOMRAM 000001
___lwmod@divisor                   cstackCOMRAM 000003
___param_bank                      (abs)        000000
___rparam_used                     (abs)        000001
___sp                              stack        000000
___wmul                            text4        000802
___wmul@multiplicand               cstackBANK0  000082
___wmul@multiplier                 cstackBANK0  000080
___wmul@product                    cstackBANK0  000084
__accesstop                        (abs)        000080
__activetblptr                     (abs)        000000
__end_of___lwmod                   text10       00079C
__end_of___wmul                    text4        00082A
__end_of__initialization           cinit        0007F8
__end_of_main                      text0        00075A
__end_of_nJavOS_dispatcher         text7        0003D4
__end_of_nJavOS_init_timer         text5        000868
__end_of_nJavOS_start              text3        0005AE
__end_of_nJavOS_task_create        text2        0004D0
__end_of_rr_scheduler              text8        0006FE
__end_of_sem_init                  text1        0007D8
__end_of_timer_zero                intcode_body 000662
__end_ofi2___wmul                  text9        000850
__initialization                   cinit        0007D8
__mediumconst                      mediumconst  000000
__pbssBIGRAM                       bssBIGRAM    00008C
__pbssCOMRAM                       bssCOMRAM    00002C
__pcinit                           cinit        0007D8
__pcstackBANK0                     cstackBANK0  000080
__pcstackCOMRAM                    cstackCOMRAM 000001
__pintcode                         intcode      000008
__pintcode_body                    intcode_body 0005AE
__ptext0                           text0        0006FE
__ptext1                           text1        00079C
__ptext10                          text10       00075A
__ptext2                           text2        0003D4
__ptext3                           text3        0004D0
__ptext4                           text4        000802
__ptext5                           text5        000850
__ptext7                           text7        000012
__ptext8                           text8        000662
__ptext9                           text9        00082A
__ramtop                           ramtop       000600
__size_of___lwmod                  (abs)        000000
__size_of___wmul                   (abs)        000000
__size_of_main                     (abs)        000000
__size_of_nJavOS_dispatcher        (abs)        000000
__size_of_nJavOS_init_timer        (abs)        000000
__size_of_nJavOS_start             (abs)        000000
__size_of_nJavOS_task_create       (abs)        000000
__size_of_rr_scheduler             (abs)        000000
__size_of_sem_init                 (abs)        000000
__size_of_timer_zero               (abs)        000000
__size_ofi2___wmul                 (abs)        000000
__smallconst                       smallconst   000000
_controle                          bssCOMRAM    000044
_idle                              (abs)        000000
_main                              text0        0006FE
_nJavOS_dispatcher                 text7        000012
_nJavOS_init_timer                 text5        000850
_nJavOS_start                      text3        0004D0
_nJavOS_task_create                text2        0003D4
_quantum                           bssCOMRAM    000042
_rr_scheduler                      text8        000662
_sem_init                          text1        00079C
_task_one                          (abs)        000000
_task_two                          (abs)        000000
_timer_zero                        intcode      000008
btemp                              temp         000054
end_of_initialization              cinit        0007F8
i2___wmul                          text9        00082A
i2___wmul@multiplicand             cstackCOMRAM 000003
i2___wmul@multiplier               cstackCOMRAM 000001
i2___wmul@product                  cstackCOMRAM 000005
int$flags                          temp         000054
int_func                           intcode_body 0005AE
intlevel0                          text         000000
intlevel1                          text         000000
intlevel2                          text         000000
intlevel3                          text         000000
nJavOS_dispatcher@index_stack      cstackCOMRAM 000018
nJavOS_dispatcher@next_task_to_run cstackCOMRAM 000015
nJavOS_dispatcher@state            cstackCOMRAM 000017
nJavOS_task_create@id              cstackBANK0  000086
nJavOS_task_create@prior           cstackBANK0  000088
nJavOS_task_create@ptr_f           cstackBANK0  00008A
rr_scheduler@task_to_running       cstackCOMRAM 00000D
rr_scheduler@tasks_ready           cstackCOMRAM 00000F
sem_init@s                         cstackBANK0  000080
sem_init@s_valor                   cstackBANK0  000082
stackhi                            (abs)        0005FF
stacklo                            (abs)        00053A
start                              init         00000E
start_initialization               cinit        0007D8
wtemp6                             temp         000055


FUNCTION INFORMATION:

 *************** function _main *****************
 Defined at:
		line 15 in file "main.c"
 Parameters:    Size  Location     Type
		None
 Auto vars:     Size  Location     Type
		None
 Return value:  Size  Location     Type
                  1    wreg      void 
 Registers used:
		wreg, fsr2l, fsr2h, status,2, status,0, prodl, prodh, cstack
 Tracked objects:
		On entry : 
		On exit  : 
		Unchanged: 
 Data sizes:     COMRAM   BANK0   BANK1   BANK2   BANK3   BANK4   BANK5
      Params:         0       0       0       0       0       0       0
      Locals:         0       0       0       0       0       0       0
      Temps:          0       0       0       0       0       0       0
      Totals:         0       0       0       0       0       0       0
Total ram usage:        0 bytes
 Hardware stack levels required when called:    6
 This function calls:
		_nJavOS_init_timer
		_nJavOS_start
		_nJavOS_task_create
		_sem_init
 This function is called by:
		Startup code after reset
 This function uses a non-reentrant model


 *************** function _sem_init *****************
 Defined at:
		line 11 in file "sempahore.c"
 Parameters:    Size  Location     Type
  s               2    0[BANK0 ] PTR struct semaphore
		 -> controle(16), 
  s_valor         2    2[BANK0 ] unsigned int 
 Auto vars:     Size  Location     Type
		None
 Return value:  Size  Location     Type
                  1    wreg      void 
 Registers used:
		wreg, fsr2l, fsr2h, status,2, status,0
 Tracked objects:
		On entry : 
		On exit  : 
		Unchanged: 
 Data sizes:     COMRAM   BANK0   BANK1   BANK2   BANK3   BANK4   BANK5
      Params:         0       4       0       0       0       0       0
      Locals:         0       0       0       0       0       0       0
      Temps:          0       0       0       0       0       0       0
      Totals:         0       4       0       0       0       0       0
Total ram usage:        4 bytes
 Hardware stack levels used:    1
 Hardware stack levels required when called:    4
 This function calls:
		Nothing
 This function is called by:
		_main
 This function uses a non-reentrant model


 *************** function _nJavOS_task_create *****************
 Defined at:
		line 42 in file "kernel.c"
 Parameters:    Size  Location     Type
  id              2    6[BANK0 ] unsigned int 
  prior           2    8[BANK0 ] unsigned int 
  ptr_f           2   10[BANK0 ] PTR FTN()PTR void 
		 -> task_two(2), task_one(2), 
 Auto vars:     Size  Location     Type
		None
 Return value:  Size  Location     Type
                  1    wreg      void 
 Registers used:
		wreg, fsr2l, fsr2h, status,2, status,0, prodl, prodh, cstack
 Tracked objects:
		On entry : 
		On exit  : 
		Unchanged: 
 Data sizes:     COMRAM   BANK0   BANK1   BANK2   BANK3   BANK4   BANK5
      Params:         0       6       0       0       0       0       0
      Locals:         0       0       0       0       0       0       0
      Temps:          0       0       0       0       0       0       0
      Totals:         0       6       0       0       0       0       0
Total ram usage:        6 bytes
 Hardware stack levels used:    1
 Hardware stack levels required when called:    5
 This function calls:
		___wmul
 This function is called by:
		_main
 This function uses a non-reentrant model


 *************** function _nJavOS_start *****************
 Defined at:
		line 28 in file "kernel.c"
 Parameters:    Size  Location     Type
		None
 Auto vars:     Size  Location     Type
		None
 Return value:  Size  Location     Type
                  1    wreg      void 
 Registers used:
		wreg, fsr2l, fsr2h, status,2, status,0, prodl, prodh, cstack
 Tracked objects:
		On entry : 
		On exit  : 
		Unchanged: 
 Data sizes:     COMRAM   BANK0   BANK1   BANK2   BANK3   BANK4   BANK5
      Params:         0       0       0       0       0       0       0
      Locals:         0       0       0       0       0       0       0
      Temps:          0       0       0       0       0       0       0
      Totals:         0       0       0       0       0       0       0
Total ram usage:        0 bytes
 Hardware stack levels used:    1
 Hardware stack levels required when called:    5
 This function calls:
		___wmul
 This function is called by:
		_main
 This function uses a non-reentrant model


 *************** function ___wmul *****************
 Defined at:
		line 15 in file "C:\Program Files (x86)\Microchip\xc8\v1.45\sources\common\Umul16.c"
 Parameters:    Size  Location     Type
  multiplier      2    0[BANK0 ] unsigned int 
  multiplicand    2    2[BANK0 ] unsigned int 
 Auto vars:     Size  Location     Type
  product         2    4[BANK0 ] unsigned int 
 Return value:  Size  Location     Type
                  2    0[BANK0 ] unsigned int 
 Registers used:
		wreg, status,2, status,0, prodl, prodh
 Tracked objects:
		On entry : 
		On exit  : 
		Unchanged: 
 Data sizes:     COMRAM   BANK0   BANK1   BANK2   BANK3   BANK4   BANK5
      Params:         0       4       0       0       0       0       0
      Locals:         0       2       0       0       0       0       0
      Temps:          0       0       0       0       0       0       0
      Totals:         0       6       0       0       0       0       0
Total ram usage:        6 bytes
 Hardware stack levels used:    1
 Hardware stack levels required when called:    4
 This function calls:
		Nothing
 This function is called by:
		_nJavOS_start
		_nJavOS_task_create
		_sem_post
 This function uses a non-reentrant model


 *************** function _nJavOS_init_timer *****************
 Defined at:
		line 29 in file "config_timer.c"
 Parameters:    Size  Location     Type
		None
 Auto vars:     Size  Location     Type
		None
 Return value:  Size  Location     Type
                  1    wreg      void 
 Registers used:
		wreg, status,2
 Tracked objects:
		On entry : 
		On exit  : 
		Unchanged: 
 Data sizes:     COMRAM   BANK0   BANK1   BANK2   BANK3   BANK4   BANK5
      Params:         0       0       0       0       0       0       0
      Locals:         0       0       0       0       0       0       0
      Temps:          0       0       0       0       0       0       0
      Totals:         0       0       0       0       0       0       0
Total ram usage:        0 bytes
 Hardware stack levels used:    1
 Hardware stack levels required when called:    4
 This function calls:
		Nothing
 This function is called by:
		_main
 This function uses a non-reentrant model


 *************** function _timer_zero *****************
 Defined at:
		line 14 in file "config_timer.c"
 Parameters:    Size  Location     Type
		None
 Auto vars:     Size  Location     Type
		None
 Return value:  Size  Location     Type
                  1    wreg      void 
 Registers used:
		wreg, fsr2l, fsr2h, status,2, status,0, prodl, prodh, cstack
 Tracked objects:
		On entry : 
		On exit  : 
		Unchanged: 
 Data sizes:     COMRAM   BANK0   BANK1   BANK2   BANK3   BANK4   BANK5
      Params:         0       0       0       0       0       0       0
      Locals:         0       0       0       0       0       0       0
      Temps:         18       0       0       0       0       0       0
      Totals:        18       0       0       0       0       0       0
Total ram usage:       18 bytes
 Hardware stack levels used:    1
 Hardware stack levels required when called:    3
 This function calls:
		_nJavOS_dispatcher
 This function is called by:
		Interrupt level 2
 This function uses a non-reentrant model


 *************** function _nJavOS_dispatcher *****************
 Defined at:
		line 67 in file "kernel.c"
 Parameters:    Size  Location     Type
  state           1    wreg     enum E5
 Auto vars:     Size  Location     Type
  state           1   22[COMRAM] enum E5
  index_stack     2   23[COMRAM] unsigned int 
  next_task_to    2   20[COMRAM] unsigned int 
 Return value:  Size  Location     Type
                  1    wreg      void 
 Registers used:
		wreg, fsr2l, fsr2h, status,2, status,0, prodl, prodh, cstack
 Tracked objects:
		On entry : 
		On exit  : 
		Unchanged: 
 Data sizes:     COMRAM   BANK0   BANK1   BANK2   BANK3   BANK4   BANK5
      Params:         0       0       0       0       0       0       0
      Locals:         5       0       0       0       0       0       0
      Temps:          4       0       0       0       0       0       0
      Totals:         9       0       0       0       0       0       0
Total ram usage:        9 bytes
 Hardware stack levels used:    1
 Hardware stack levels required when called:    2
 This function calls:
		_rr_scheduler
		i2___wmul
 This function is called by:
		_timer_zero
		_sem_wait
		_sem_post
		_nJavOS_task_delay
 This function uses a non-reentrant model


 *************** function _rr_scheduler *****************
 Defined at:
		line 6 in file "scheduler.c"
 Parameters:    Size  Location     Type
		None
 Auto vars:     Size  Location     Type
  tasks_ready     2   14[COMRAM] unsigned int 
  task_to_runn    2   12[COMRAM] unsigned int 
 Return value:  Size  Location     Type
                  2    6[COMRAM] unsigned int 
 Registers used:
		wreg, fsr2l, fsr2h, status,2, status,0, prodl, prodh, cstack
 Tracked objects:
		On entry : 
		On exit  : 
		Unchanged: 
 Data sizes:     COMRAM   BANK0   BANK1   BANK2   BANK3   BANK4   BANK5
      Params:         2       0       0       0       0       0       0
      Locals:         4       0       0       0       0       0       0
      Temps:          4       0       0       0       0       0       0
      Totals:        10       0       0       0       0       0       0
Total ram usage:       10 bytes
 Hardware stack levels used:    1
 Hardware stack levels required when called:    1
 This function calls:
		___lwmod
		i2___wmul
 This function is called by:
		_nJavOS_dispatcher
 This function uses a non-reentrant model


 *************** function i2___wmul *****************
 Defined at:
		line 15 in file "C:\Program Files (x86)\Microchip\xc8\v1.45\sources\common\Umul16.c"
 Parameters:    Size  Location     Type
  multiplier      2    0[COMRAM] unsigned int 
  multiplicand    2    2[COMRAM] unsigned int 
 Auto vars:     Size  Location     Type
  __wmul          2    4[COMRAM] unsigned int 
 Return value:  Size  Location     Type
                  2    0[COMRAM] unsigned int 
 Registers used:
		wreg, status,2, status,0, prodl, prodh
 Tracked objects:
		On entry : 
		On exit  : 
		Unchanged: 
 Data sizes:     COMRAM   BANK0   BANK1   BANK2   BANK3   BANK4   BANK5
      Params:         4       0       0       0       0       0       0
      Locals:         2       0       0       0       0       0       0
      Temps:          0       0       0       0       0       0       0
      Totals:         6       0       0       0       0       0       0
Total ram usage:        6 bytes
 Hardware stack levels used:    1
 This function calls:
		Nothing
 This function is called by:
		_nJavOS_dispatcher
		_rr_scheduler
 This function uses a non-reentrant model


 *************** function ___lwmod *****************
 Defined at:
		line 8 in file "C:\Program Files (x86)\Microchip\xc8\v1.45\sources\common\lwmod.c"
 Parameters:    Size  Location     Type
  dividend        2    0[COMRAM] unsigned int 
  divisor         2    2[COMRAM] unsigned int 
 Auto vars:     Size  Location     Type
  counter         1    4[COMRAM] unsigned char 
 Return value:  Size  Location     Type
                  2    0[COMRAM] unsigned int 
 Registers used:
		wreg, status,2, status,0
 Tracked objects:
		On entry : 
		On exit  : 
		Unchanged: 
 Data sizes:     COMRAM   BANK0   BANK1   BANK2   BANK3   BANK4   BANK5
      Params:         4       0       0       0       0       0       0
      Locals:         1       0       0       0       0       0       0
      Temps:          0       0       0       0       0       0       0
      Totals:         5       0       0       0       0       0       0
Total ram usage:        5 bytes
 Hardware stack levels used:    1
 This function calls:
		Nothing
 This function is called by:
		_rr_scheduler
		_sem_wait
		_sem_post
 This function uses a non-reentrant model



MODULE INFORMATION

Module		Function		Class		Link	Load	Size
C:\Program Files (x86)\Microchip\xc8\v1.45\sources\common\Umul16.c
		___wmul        		CODE           	0802	0000	41

C:\Program Files (x86)\Microchip\xc8\v1.45\sources\common\Umul16.c estimated size: 41

C:\Program Files (x86)\Microchip\xc8\v1.45\sources\common\lwmod.c
		___lwmod       		CODE           	075A	0000	67

C:\Program Files (x86)\Microchip\xc8\v1.45\sources\common\lwmod.c estimated size: 67

sempahore.c
		_sem_init      		CODE           	079C	0000	61

sempahore.c estimated size: 61

config_timer.c
		_nJavOS_init_timer		CODE           	0850	0000	25
		_timer_zero    		CODE           	0008	0000	187

config_timer.c estimated size: 212

kernel.c
		_nJavOS_task_create		CODE           	03D4	0000	253
		_nJavOS_start  		CODE           	04D0	0000	223
		_nJavOS_dispatcher		CODE           	0012	0000	963

kernel.c estimated size: 1439

shared
		i2___wmul      		CODE           	082A	0000	39
		__initialization		CODE           	07D8	0000	33

shared estimated size: 72

scheduler.c
		_rr_scheduler  		CODE           	0662	0000	157

scheduler.c estimated size: 157

main.c
		_main          		CODE           	06FE	0000	93

main.c estimated size: 93

